0 verbose cli /Users/edmondmbadu/.nvm/versions/node/v22.20.0/bin/node /Users/edmondmbadu/.nvm/versions/node/v22.20.0/bin/npm
1 info using npm@11.6.1
2 info using node@v22.20.0
3 silly config load:file:/Users/edmondmbadu/.nvm/versions/node/v22.20.0/lib/node_modules/npm/npmrc
4 silly config load:file:/Users/edmondmbadu/repo/rocket-goals/functions/.npmrc
5 silly config load:file:/Users/edmondmbadu/.npmrc
6 silly config load:file:/Users/edmondmbadu/.nvm/versions/node/v22.20.0/etc/npmrc
7 verbose title npm install
8 verbose argv "install" "--cache" "/Users/edmondmbadu/repo/rocket-goals/.npm-cache"
9 verbose logfile logs-max:10 dir:/Users/edmondmbadu/repo/rocket-goals/.npm-cache/_logs/2025-12-10T04_16_43_456Z-
10 verbose logfile /Users/edmondmbadu/repo/rocket-goals/.npm-cache/_logs/2025-12-10T04_16_43_456Z-debug-0.log
11 silly logfile done cleaning log files
12 silly packumentCache heap:4345298944 maxSize:1086324736 maxEntrySize:543162368
13 silly idealTree buildDeps
14 silly fetch manifest @google-analytics/data@^5.2.1
15 silly packumentCache full:https://registry.npmjs.org/@google-analytics%2fdata cache-miss
16 http cache https://registry.npmjs.org/@google-analytics%2fdata 54ms (cache hit)
17 silly packumentCache full:https://registry.npmjs.org/@google-analytics%2fdata set size:166390 disposed:false
18 silly placeDep ROOT @google-analytics/data@5.2.1 OK for:  want: ^5.2.1
19 silly fetch manifest google-gax@^5.0.0
20 silly packumentCache full:https://registry.npmjs.org/google-gax cache-miss
21 http fetch GET 200 https://registry.npmjs.org/google-gax 131ms (cache miss)
22 silly packumentCache full:https://registry.npmjs.org/google-gax set size:undefined disposed:false
23 silly placeDep node_modules/@google-analytics/data google-gax@5.0.6 OK for: @google-analytics/data@5.2.1 want: ^5.0.0
24 silly fetch manifest @grpc/proto-loader@^0.8.0
25 silly packumentCache full:https://registry.npmjs.org/@grpc%2fproto-loader cache-miss
26 silly fetch manifest google-auth-library@^10.1.0
27 silly packumentCache full:https://registry.npmjs.org/google-auth-library cache-miss
28 silly fetch manifest google-logging-utils@^1.1.1
29 silly packumentCache full:https://registry.npmjs.org/google-logging-utils cache-miss
30 silly fetch manifest node-fetch@^3.3.2
31 silly packumentCache full:https://registry.npmjs.org/node-fetch cache-miss
32 silly fetch manifest proto3-json-serializer@^3.0.0
33 silly packumentCache full:https://registry.npmjs.org/proto3-json-serializer cache-miss
34 silly fetch manifest retry-request@^8.0.0
35 silly packumentCache full:https://registry.npmjs.org/retry-request cache-miss
36 silly fetch manifest rimraf@^5.0.1
37 silly packumentCache full:https://registry.npmjs.org/rimraf cache-miss
38 http fetch GET 200 https://registry.npmjs.org/google-auth-library 80ms (cache miss)
39 silly packumentCache full:https://registry.npmjs.org/google-auth-library set size:undefined disposed:false
40 http fetch GET 200 https://registry.npmjs.org/rimraf 95ms (cache miss)
41 silly packumentCache full:https://registry.npmjs.org/rimraf set size:undefined disposed:false
42 http fetch GET 200 https://registry.npmjs.org/@grpc%2fproto-loader 116ms (cache miss)
43 silly packumentCache full:https://registry.npmjs.org/@grpc%2fproto-loader set size:undefined disposed:false
44 http fetch GET 200 https://registry.npmjs.org/google-logging-utils 136ms (cache miss)
45 silly packumentCache full:https://registry.npmjs.org/google-logging-utils set size:undefined disposed:false
46 http fetch GET 200 https://registry.npmjs.org/proto3-json-serializer 137ms (cache miss)
47 silly packumentCache full:https://registry.npmjs.org/proto3-json-serializer set size:undefined disposed:false
48 http fetch GET 200 https://registry.npmjs.org/node-fetch 140ms (cache miss)
49 silly packumentCache full:https://registry.npmjs.org/node-fetch set size:undefined disposed:false
50 http fetch GET 200 https://registry.npmjs.org/retry-request 166ms (cache miss)
51 silly packumentCache full:https://registry.npmjs.org/retry-request set size:undefined disposed:false
52 silly placeDep node_modules/@google-analytics/data @grpc/proto-loader@0.8.0 OK for: google-gax@5.0.6 want: ^0.8.0
53 silly placeDep node_modules/@google-analytics/data google-auth-library@10.5.0 OK for: google-gax@5.0.6 want: ^10.1.0
54 silly placeDep node_modules/@google-analytics/data google-logging-utils@1.1.3 OK for: google-gax@5.0.6 want: ^1.1.1
55 silly placeDep node_modules/@google-analytics/data node-fetch@3.3.2 OK for: google-gax@5.0.6 want: ^3.3.2
56 silly placeDep node_modules/@google-analytics/data proto3-json-serializer@3.0.4 OK for: google-gax@5.0.6 want: ^3.0.0
57 silly placeDep node_modules/@google-analytics/data retry-request@8.0.2 OK for: google-gax@5.0.6 want: ^8.0.0
58 silly placeDep node_modules/@google-analytics/data rimraf@5.0.10 OK for: google-gax@5.0.6 want: ^5.0.1
59 silly fetch manifest gaxios@^7.0.0
60 silly packumentCache full:https://registry.npmjs.org/gaxios cache-miss
61 silly fetch manifest gcp-metadata@^8.0.0
62 silly packumentCache full:https://registry.npmjs.org/gcp-metadata cache-miss
63 silly fetch manifest google-logging-utils@^1.0.0
64 silly packumentCache full:https://registry.npmjs.org/google-logging-utils cache-miss
65 silly fetch manifest gtoken@^8.0.0
66 silly packumentCache full:https://registry.npmjs.org/gtoken cache-miss
67 silly fetch manifest data-uri-to-buffer@^4.0.0
68 silly packumentCache full:https://registry.npmjs.org/data-uri-to-buffer cache-miss
69 silly fetch manifest fetch-blob@^3.1.4
70 silly packumentCache full:https://registry.npmjs.org/fetch-blob cache-miss
71 silly fetch manifest formdata-polyfill@^4.0.10
72 silly packumentCache full:https://registry.npmjs.org/formdata-polyfill cache-miss
73 silly fetch manifest teeny-request@^10.0.0
74 silly packumentCache full:https://registry.npmjs.org/teeny-request cache-miss
75 http cache https://registry.npmjs.org/google-logging-utils 9ms (cache hit)
76 silly packumentCache full:https://registry.npmjs.org/google-logging-utils set size:21694 disposed:false
77 http fetch GET 200 https://registry.npmjs.org/formdata-polyfill 37ms (cache miss)
78 silly packumentCache full:https://registry.npmjs.org/formdata-polyfill set size:undefined disposed:false
79 http fetch GET 200 https://registry.npmjs.org/gtoken 39ms (cache miss)
80 silly packumentCache full:https://registry.npmjs.org/gtoken set size:undefined disposed:false
81 http fetch GET 200 https://registry.npmjs.org/data-uri-to-buffer 41ms (cache miss)
82 silly packumentCache full:https://registry.npmjs.org/data-uri-to-buffer set size:undefined disposed:false
83 http fetch GET 200 https://registry.npmjs.org/fetch-blob 42ms (cache miss)
84 silly packumentCache full:https://registry.npmjs.org/fetch-blob set size:undefined disposed:false
85 http fetch GET 200 https://registry.npmjs.org/gcp-metadata 43ms (cache miss)
86 silly packumentCache full:https://registry.npmjs.org/gcp-metadata set size:undefined disposed:false
87 http fetch GET 200 https://registry.npmjs.org/gaxios 45ms (cache miss)
88 silly packumentCache full:https://registry.npmjs.org/gaxios set size:undefined disposed:false
89 http fetch GET 200 https://registry.npmjs.org/teeny-request 68ms (cache miss)
90 silly packumentCache full:https://registry.npmjs.org/teeny-request set size:undefined disposed:false
91 silly placeDep node_modules/@google-analytics/data gaxios@7.1.3 OK for: google-auth-library@10.5.0 want: ^7.0.0
92 silly placeDep node_modules/@google-analytics/data gcp-metadata@8.1.2 OK for: google-auth-library@10.5.0 want: ^8.0.0
93 silly placeDep node_modules/@google-analytics/data gtoken@8.0.0 OK for: google-auth-library@10.5.0 want: ^8.0.0
94 silly placeDep ROOT data-uri-to-buffer@4.0.1 OK for: node-fetch@3.3.2 want: ^4.0.0
95 silly placeDep ROOT fetch-blob@3.2.0 OK for: node-fetch@3.3.2 want: ^3.1.4
96 silly placeDep ROOT formdata-polyfill@4.0.10 OK for: node-fetch@3.3.2 want: ^4.0.10
97 silly fetch manifest node-domexception@^1.0.0
98 silly packumentCache full:https://registry.npmjs.org/node-domexception cache-miss
99 silly fetch manifest web-streams-polyfill@^3.0.3
100 silly packumentCache full:https://registry.npmjs.org/web-streams-polyfill cache-miss
101 http fetch GET 200 https://registry.npmjs.org/node-domexception 28ms (cache miss)
102 silly packumentCache full:https://registry.npmjs.org/node-domexception set size:undefined disposed:false
103 http fetch GET 200 https://registry.npmjs.org/web-streams-polyfill 31ms (cache miss)
104 silly packumentCache full:https://registry.npmjs.org/web-streams-polyfill set size:undefined disposed:false
105 silly placeDep ROOT node-domexception@1.0.0 OK for: fetch-blob@3.2.0 want: ^1.0.0
106 silly placeDep ROOT web-streams-polyfill@3.3.3 OK for: fetch-blob@3.2.0 want: ^3.0.3
107 silly placeDep node_modules/@google-analytics/data teeny-request@10.1.0 OK for: retry-request@8.0.2 want: ^10.0.0
108 silly fetch manifest https-proxy-agent@^5.0.0
109 silly packumentCache full:https://registry.npmjs.org/https-proxy-agent cache-miss
110 http fetch GET 200 https://registry.npmjs.org/https-proxy-agent 31ms (cache miss)
111 silly packumentCache full:https://registry.npmjs.org/https-proxy-agent set size:undefined disposed:false
112 silly placeDep node_modules/@google-analytics/data/node_modules/teeny-request https-proxy-agent@5.0.1 OK for: teeny-request@10.1.0 want: ^5.0.0
113 silly fetch manifest agent-base@6
114 silly packumentCache full:https://registry.npmjs.org/agent-base cache-miss
115 http fetch GET 200 https://registry.npmjs.org/agent-base 26ms (cache miss)
116 silly packumentCache full:https://registry.npmjs.org/agent-base set size:undefined disposed:false
117 silly placeDep node_modules/@google-analytics/data agent-base@6.0.2 OK for: https-proxy-agent@5.0.1 want: 6
118 silly reify moves {}
119 silly audit bulk request {
119 silly audit   '@babel/code-frame': [ '7.27.1' ],
119 silly audit   '@babel/compat-data': [ '7.28.5' ],
119 silly audit   '@babel/core': [ '7.28.5' ],
119 silly audit   semver: [ '6.3.1', '7.7.3' ],
119 silly audit   '@babel/generator': [ '7.28.5' ],
119 silly audit   '@babel/helper-compilation-targets': [ '7.27.2' ],
119 silly audit   '@babel/helper-globals': [ '7.28.0' ],
119 silly audit   '@babel/helper-module-imports': [ '7.27.1' ],
119 silly audit   '@babel/helper-module-transforms': [ '7.28.3' ],
119 silly audit   '@babel/helper-plugin-utils': [ '7.27.1' ],
119 silly audit   '@babel/helper-string-parser': [ '7.27.1' ],
119 silly audit   '@babel/helper-validator-identifier': [ '7.28.5' ],
119 silly audit   '@babel/helper-validator-option': [ '7.27.1' ],
119 silly audit   '@babel/helpers': [ '7.28.4' ],
119 silly audit   '@babel/parser': [ '7.28.5' ],
119 silly audit   '@babel/plugin-syntax-async-generators': [ '7.8.4' ],
119 silly audit   '@babel/plugin-syntax-bigint': [ '7.8.3' ],
119 silly audit   '@babel/plugin-syntax-class-properties': [ '7.12.13' ],
119 silly audit   '@babel/plugin-syntax-class-static-block': [ '7.14.5' ],
119 silly audit   '@babel/plugin-syntax-import-attributes': [ '7.27.1' ],
119 silly audit   '@babel/plugin-syntax-import-meta': [ '7.10.4' ],
119 silly audit   '@babel/plugin-syntax-json-strings': [ '7.8.3' ],
119 silly audit   '@babel/plugin-syntax-jsx': [ '7.27.1' ],
119 silly audit   '@babel/plugin-syntax-logical-assignment-operators': [ '7.10.4' ],
119 silly audit   '@babel/plugin-syntax-nullish-coalescing-operator': [ '7.8.3' ],
119 silly audit   '@babel/plugin-syntax-numeric-separator': [ '7.10.4' ],
119 silly audit   '@babel/plugin-syntax-object-rest-spread': [ '7.8.3' ],
119 silly audit   '@babel/plugin-syntax-optional-catch-binding': [ '7.8.3' ],
119 silly audit   '@babel/plugin-syntax-optional-chaining': [ '7.8.3' ],
119 silly audit   '@babel/plugin-syntax-private-property-in-object': [ '7.14.5' ],
119 silly audit   '@babel/plugin-syntax-top-level-await': [ '7.14.5' ],
119 silly audit   '@babel/plugin-syntax-typescript': [ '7.27.1' ],
119 silly audit   '@babel/template': [ '7.27.2' ],
119 silly audit   '@babel/traverse': [ '7.28.5' ],
119 silly audit   '@babel/types': [ '7.28.5' ],
119 silly audit   '@bcoe/v8-coverage': [ '0.2.3' ],
119 silly audit   '@emnapi/core': [ '1.7.0' ],
119 silly audit   '@emnapi/runtime': [ '1.7.0' ],
119 silly audit   '@emnapi/wasi-threads': [ '1.1.0' ],
119 silly audit   '@eslint-community/eslint-utils': [ '4.9.0' ],
119 silly audit   '@eslint-community/regexpp': [ '4.12.2' ],
119 silly audit   '@eslint/eslintrc': [ '2.1.4' ],
119 silly audit   '@eslint/js': [ '8.57.1' ],
119 silly audit   '@fastify/busboy': [ '3.2.0' ],
119 silly audit   '@firebase/app-check-interop-types': [ '0.3.2' ],
119 silly audit   '@firebase/app-types': [ '0.9.2' ],
119 silly audit   '@firebase/auth-interop-types': [ '0.2.3' ],
119 silly audit   '@firebase/component': [ '0.6.9' ],
119 silly audit   '@firebase/database': [ '1.0.8' ],
119 silly audit   '@firebase/database-compat': [ '1.0.8' ],
119 silly audit   '@firebase/database-types': [ '1.0.5' ],
119 silly audit   '@firebase/logger': [ '0.4.2' ],
119 silly audit   '@firebase/util': [ '1.10.0' ],
119 silly audit   '@google-cloud/firestore': [ '7.11.6' ],
119 silly audit   '@google-cloud/paginator': [ '5.0.2' ],
119 silly audit   '@google-cloud/projectify': [ '4.0.0' ],
119 silly audit   '@google-cloud/promisify': [ '4.0.0' ],
119 silly audit   '@google-cloud/storage': [ '7.17.3' ],
119 silly audit   uuid: [ '8.3.2', '9.0.1', '10.0.0' ],
119 silly audit   '@google/generative-ai': [ '0.21.0' ],
119 silly audit   '@grpc/grpc-js': [ '1.14.1' ],
119 silly audit   '@grpc/proto-loader': [ '0.8.0', '0.7.15' ],
119 silly audit   '@humanwhocodes/config-array': [ '0.13.0' ],
119 silly audit   '@humanwhocodes/module-importer': [ '1.0.1' ],
119 silly audit   '@humanwhocodes/object-schema': [ '2.0.3' ],
119 silly audit   '@isaacs/cliui': [ '8.0.2' ],
119 silly audit   'ansi-regex': [ '6.2.2', '5.0.1' ],
119 silly audit   'strip-ansi': [ '7.1.2', '6.0.1' ],
119 silly audit   '@istanbuljs/load-nyc-config': [ '1.1.0' ],
119 silly audit   argparse: [ '1.0.10', '2.0.1' ],
119 silly audit   'find-up': [ '4.1.0', '5.0.0' ],
119 silly audit   'js-yaml': [ '3.14.1', '4.1.1' ],
119 silly audit   'locate-path': [ '5.0.0', '6.0.0' ],
119 silly audit   'p-limit': [ '2.3.0', '3.1.0' ],
119 silly audit   'p-locate': [ '4.1.0', '5.0.0' ],
119 silly audit   'resolve-from': [ '5.0.0', '4.0.0' ],
119 silly audit   '@istanbuljs/schema': [ '0.1.3' ],
119 silly audit   '@jest/console': [ '30.2.0' ],
119 silly audit   '@jest/core': [ '30.2.0' ],
119 silly audit   '@jest/diff-sequences': [ '30.0.1' ],
119 silly audit   '@jest/environment': [ '30.2.0' ],
119 silly audit   '@jest/expect': [ '30.2.0' ],
119 silly audit   '@jest/expect-utils': [ '30.2.0' ],
119 silly audit   '@jest/fake-timers': [ '30.2.0' ],
119 silly audit   '@jest/get-type': [ '30.1.0' ],
119 silly audit   '@jest/globals': [ '30.2.0' ],
119 silly audit   '@jest/pattern': [ '30.0.1' ],
119 silly audit   '@jest/reporters': [ '30.2.0' ],
119 silly audit   '@jest/schemas': [ '30.0.5' ],
119 silly audit   '@jest/snapshot-utils': [ '30.2.0' ],
119 silly audit   '@jest/source-map': [ '30.0.1' ],
119 silly audit   '@jest/test-result': [ '30.2.0' ],
119 silly audit   '@jest/test-sequencer': [ '30.2.0' ],
119 silly audit   '@jest/transform': [ '30.2.0' ],
119 silly audit   '@jest/types': [ '30.2.0' ],
119 silly audit   '@jridgewell/gen-mapping': [ '0.3.13' ],
119 silly audit   '@jridgewell/remapping': [ '2.3.5' ],
119 silly audit   '@jridgewell/resolve-uri': [ '3.1.2' ],
119 silly audit   '@jridgewell/sourcemap-codec': [ '1.5.5' ],
119 silly audit   '@jridgewell/trace-mapping': [ '0.3.31' ],
119 silly audit   '@js-sdsl/ordered-map': [ '4.4.2' ],
119 silly audit   '@napi-rs/wasm-runtime': [ '0.2.12' ],
119 silly audit   '@nodelib/fs.scandir': [ '2.1.5' ],
119 silly audit   '@nodelib/fs.stat': [ '2.0.5' ],
119 silly audit   '@nodelib/fs.walk': [ '1.2.8' ],
119 silly audit   '@opentelemetry/api': [ '1.9.0' ],
119 silly audit   '@pkgjs/parseargs': [ '0.11.0' ],
119 silly audit   '@pkgr/core': [ '0.2.9' ],
119 silly audit   '@protobufjs/aspromise': [ '1.1.2' ],
119 silly audit   '@protobufjs/base64': [ '1.1.2' ],
119 silly audit   '@protobufjs/codegen': [ '2.0.4' ],
119 silly audit   '@protobufjs/eventemitter': [ '1.1.0' ],
119 silly audit   '@protobufjs/fetch': [ '1.1.0' ],
119 silly audit   '@protobufjs/float': [ '1.0.2' ],
119 silly audit   '@protobufjs/inquire': [ '1.1.0' ],
119 silly audit   '@protobufjs/path': [ '1.1.2' ],
119 silly audit   '@protobufjs/pool': [ '1.1.0' ],
119 silly audit   '@protobufjs/utf8': [ '1.1.0' ],
119 silly audit   '@rtsao/scc': [ '1.1.0' ],
119 silly audit   '@sendgrid/client': [ '8.1.6' ],
119 silly audit   '@sendgrid/helpers': [ '8.0.0' ],
119 silly audit   '@sendgrid/mail': [ '8.1.6' ],
119 silly audit   '@sinclair/typebox': [ '0.34.41' ],
119 silly audit   '@sinonjs/commons': [ '3.0.1' ],
119 silly audit   '@sinonjs/fake-timers': [ '13.0.5' ],
119 silly audit   '@tootallnate/once': [ '2.0.0' ],
119 silly audit   '@tybys/wasm-util': [ '0.10.1' ],
119 silly audit   '@types/babel__core': [ '7.20.5' ],
119 silly audit   '@types/babel__generator': [ '7.27.0' ],
119 silly audit   '@types/babel__template': [ '7.4.4' ],
119 silly audit   '@types/babel__traverse': [ '7.28.0' ],
119 silly audit   '@types/body-parser': [ '1.19.6' ],
119 silly audit   '@types/caseless': [ '0.12.5' ],
119 silly audit   '@types/connect': [ '3.4.38' ],
119 silly audit   '@types/cors': [ '2.8.19' ],
119 silly audit   '@types/express': [ '4.17.25' ],
119 silly audit   '@types/express-serve-static-core': [ '4.19.7' ],
119 silly audit   '@types/http-errors': [ '2.0.5' ],
119 silly audit   '@types/istanbul-lib-coverage': [ '2.0.6' ],
119 silly audit   '@types/istanbul-lib-report': [ '3.0.3' ],
119 silly audit   '@types/istanbul-reports': [ '3.0.4' ],
119 silly audit   '@types/json-schema': [ '7.0.15' ],
119 silly audit   '@types/json5': [ '0.0.29' ],
119 silly audit   '@types/jsonwebtoken': [ '9.0.10' ],
119 silly audit   '@types/lodash': [ '4.17.20' ],
119 silly audit   '@types/long': [ '4.0.2' ],
119 silly audit   '@types/mime': [ '1.3.5' ],
119 silly audit   '@types/ms': [ '2.1.0' ],
119 silly audit   '@types/node': [ '22.19.1' ],
119 silly audit   '@types/qs': [ '6.14.0' ],
119 silly audit   '@types/range-parser': [ '1.2.7' ],
119 silly audit   '@types/request': [ '2.48.13' ],
119 silly audit   '@types/semver': [ '7.7.1' ],
119 silly audit   '@types/send': [ '1.2.1', '0.17.6' ],
119 silly audit   '@types/serve-static': [ '1.15.10' ],
119 silly audit   '@types/stack-utils': [ '2.0.3' ],
119 silly audit   '@types/tough-cookie': [ '4.0.5' ],
119 silly audit   '@types/yargs': [ '17.0.34' ],
119 silly audit   '@types/yargs-parser': [ '21.0.3' ],
119 silly audit   '@typescript-eslint/eslint-plugin': [ '5.62.0' ],
119 silly audit   '@typescript-eslint/parser': [ '5.62.0' ],
119 silly audit   '@typescript-eslint/scope-manager': [ '5.62.0' ],
119 silly audit   '@typescript-eslint/type-utils': [ '5.62.0' ],
119 silly audit   '@typescript-eslint/types': [ '5.62.0' ],
119 silly audit   '@typescript-eslint/typescript-estree': [ '5.62.0' ],
119 silly audit   '@typescript-eslint/utils': [ '5.62.0' ],
119 silly audit   '@typescript-eslint/visitor-keys': [ '5.62.0' ],
119 silly audit   '@ungap/structured-clone': [ '1.3.0' ],
119 silly audit   '@unrs/resolver-binding-android-arm-eabi': [ '1.11.1' ],
119 silly audit   '@unrs/resolver-binding-android-arm64': [ '1.11.1' ],
119 silly audit   '@unrs/resolver-binding-darwin-arm64': [ '1.11.1' ],
119 silly audit   '@unrs/resolver-binding-darwin-x64': [ '1.11.1' ],
119 silly audit   '@unrs/resolver-binding-freebsd-x64': [ '1.11.1' ],
119 silly audit   '@unrs/resolver-binding-linux-arm-gnueabihf': [ '1.11.1' ],
119 silly audit   '@unrs/resolver-binding-linux-arm-musleabihf': [ '1.11.1' ],
119 silly audit   '@unrs/resolver-binding-linux-arm64-gnu': [ '1.11.1' ],
119 silly audit   '@unrs/resolver-binding-linux-arm64-musl': [ '1.11.1' ],
119 silly audit   '@unrs/resolver-binding-linux-ppc64-gnu': [ '1.11.1' ],
119 silly audit   '@unrs/resolver-binding-linux-riscv64-gnu': [ '1.11.1' ],
119 silly audit   '@unrs/resolver-binding-linux-riscv64-musl': [ '1.11.1' ],
119 silly audit   '@unrs/resolver-binding-linux-s390x-gnu': [ '1.11.1' ],
119 silly audit   '@unrs/resolver-binding-linux-x64-gnu': [ '1.11.1' ],
119 silly audit   '@unrs/resolver-binding-linux-x64-musl': [ '1.11.1' ],
119 silly audit   '@unrs/resolver-binding-wasm32-wasi': [ '1.11.1' ],
119 silly audit   '@unrs/resolver-binding-win32-arm64-msvc': [ '1.11.1' ],
119 silly audit   '@unrs/resolver-binding-win32-ia32-msvc': [ '1.11.1' ],
119 silly audit   '@unrs/resolver-binding-win32-x64-msvc': [ '1.11.1' ],
119 silly audit   'abort-controller': [ '3.0.0' ],
119 silly audit   accepts: [ '1.3.8' ],
119 silly audit   acorn: [ '8.15.0' ],
119 silly audit   'acorn-jsx': [ '5.3.2' ],
119 silly audit   'agent-base': [ '7.1.4', '6.0.2' ],
119 silly audit   ajv: [ '6.12.6' ],
119 silly audit   'ansi-escapes': [ '4.3.2' ],
119 silly audit   'type-fest': [ '0.21.3', '0.20.2' ],
119 silly audit   'ansi-styles': [ '4.3.0', '5.2.0', '6.2.3' ],
119 silly audit   anymatch: [ '3.1.3' ],
119 silly audit   'array-buffer-byte-length': [ '1.0.2' ],
119 silly audit   'array-flatten': [ '1.1.1' ],
119 silly audit   'array-includes': [ '3.1.9' ],
119 silly audit   'array-union': [ '2.1.0' ],
119 silly audit   'array.prototype.findlastindex': [ '1.2.6' ],
119 silly audit   'array.prototype.flat': [ '1.3.3' ],
119 silly audit   'array.prototype.flatmap': [ '1.3.3' ],
119 silly audit   'arraybuffer.prototype.slice': [ '1.0.4' ],
119 silly audit   arrify: [ '2.0.1' ],
119 silly audit   'async-function': [ '1.0.0' ],
119 silly audit   'async-retry': [ '1.3.3' ],
119 silly audit   asynckit: [ '0.4.0' ],
119 silly audit   'available-typed-arrays': [ '1.0.7' ],
119 silly audit   axios: [ '1.13.2' ],
119 silly audit   'form-data': [ '4.0.5', '2.5.5' ],
119 silly audit   'babel-jest': [ '30.2.0' ],
119 silly audit   'babel-plugin-istanbul': [ '7.0.1' ],
119 silly audit   'babel-plugin-jest-hoist': [ '30.2.0' ],
119 silly audit   'babel-preset-current-node-syntax': [ '1.2.0' ],
119 silly audit   'babel-preset-jest': [ '30.2.0' ],
119 silly audit   'balanced-match': [ '1.0.2' ],
119 silly audit   'base64-js': [ '1.5.1' ],
119 silly audit   'baseline-browser-mapping': [ '2.8.28' ],
119 silly audit   'bignumber.js': [ '9.3.1' ],
119 silly audit   'body-parser': [ '1.20.3' ],
119 silly audit   debug: [ '2.6.9', '4.4.3', '3.2.7' ],
119 silly audit   ms: [ '2.0.0', '2.1.3' ],
119 silly audit   'brace-expansion': [ '1.1.12', '2.0.2' ],
119 silly audit   braces: [ '3.0.3' ],
119 silly audit   browserslist: [ '4.28.0' ],
119 silly audit   bser: [ '2.1.1' ],
119 silly audit   'buffer-equal-constant-time': [ '1.0.1' ],
119 silly audit   'buffer-from': [ '1.1.2' ],
119 silly audit   bytes: [ '3.1.2' ],
119 silly audit   'call-bind': [ '1.0.8' ],
119 silly audit   'call-bind-apply-helpers': [ '1.0.2' ],
119 silly audit   'call-bound': [ '1.0.4' ],
119 silly audit   callsites: [ '3.1.0' ],
119 silly audit   camelcase: [ '5.3.1', '6.3.0' ],
119 silly audit   'caniuse-lite': [ '1.0.30001754' ],
119 silly audit   chalk: [ '4.1.2' ],
119 silly audit   'char-regex': [ '1.0.2' ],
119 silly audit   'ci-info': [ '4.3.1' ],
119 silly audit   'cjs-module-lexer': [ '2.1.1' ],
119 silly audit   cliui: [ '8.0.1' ],
119 silly audit   'emoji-regex': [ '8.0.0', '9.2.2' ],
119 silly audit   'string-width': [ '4.2.3', '5.1.2' ],
119 silly audit   'wrap-ansi': [ '7.0.0', '8.1.0' ],
119 silly audit   co: [ '4.6.0' ],
119 silly audit   'collect-v8-coverage': [ '1.0.3' ],
119 silly audit   'color-convert': [ '2.0.1' ],
119 silly audit   'color-name': [ '1.1.4' ],
119 silly audit   'combined-stream': [ '1.0.8' ],
119 silly audit   'concat-map': [ '0.0.1' ],
119 silly audit   'content-disposition': [ '0.5.4' ],
119 silly audit   'content-type': [ '1.0.5' ],
119 silly audit   'convert-source-map': [ '2.0.0' ],
119 silly audit   cookie: [ '0.7.1' ],
119 silly audit   'cookie-signature': [ '1.0.6' ],
119 silly audit   cors: [ '2.8.5' ],
119 silly audit   'cross-spawn': [ '7.0.6' ],
119 silly audit   'data-view-buffer': [ '1.0.2' ],
119 silly audit   'data-view-byte-length': [ '1.0.2' ],
119 silly audit   'data-view-byte-offset': [ '1.0.1' ],
119 silly audit   dedent: [ '1.7.0' ],
119 silly audit   'deep-is': [ '0.1.4' ],
119 silly audit   deepmerge: [ '4.3.1' ],
119 silly audit   'define-data-property': [ '1.1.4' ],
119 silly audit   'define-properties': [ '1.2.1' ],
119 silly audit   'delayed-stream': [ '1.0.0' ],
119 silly audit   depd: [ '2.0.0' ],
119 silly audit   destroy: [ '1.2.0' ],
119 silly audit   'detect-newline': [ '3.1.0' ],
119 silly audit   'dir-glob': [ '3.0.1' ],
119 silly audit   doctrine: [ '3.0.0', '2.1.0' ],
119 silly audit   'dunder-proto': [ '1.0.1' ],
119 silly audit   duplexify: [ '4.1.3' ],
119 silly audit   eastasianwidth: [ '0.2.0' ],
119 silly audit   'ecdsa-sig-formatter': [ '1.0.11' ],
119 silly audit   'ee-first': [ '1.1.1' ],
119 silly audit   'electron-to-chromium': [ '1.5.250' ],
119 silly audit   emittery: [ '0.13.1' ],
119 silly audit   encodeurl: [ '2.0.0', '1.0.2' ],
119 silly audit   'end-of-stream': [ '1.4.5' ],
119 silly audit   'error-ex': [ '1.3.4' ],
119 silly audit   'es-abstract': [ '1.24.0' ],
119 silly audit   'es-define-property': [ '1.0.1' ],
119 silly audit   'es-errors': [ '1.3.0' ],
119 silly audit   'es-object-atoms': [ '1.1.1' ],
119 silly audit   'es-set-tostringtag': [ '2.1.0' ],
119 silly audit   'es-shim-unscopables': [ '1.1.0' ],
119 silly audit   'es-to-primitive': [ '1.3.0' ],
119 silly audit   escalade: [ '3.2.0' ],
119 silly audit   'escape-html': [ '1.0.3' ],
119 silly audit   'escape-string-regexp': [ '4.0.0', '2.0.0' ],
119 silly audit   eslint: [ '8.57.1' ],
119 silly audit   'eslint-config-google': [ '0.14.0' ],
119 silly audit   'eslint-import-resolver-node': [ '0.3.9' ],
119 silly audit   'eslint-module-utils': [ '2.12.1' ],
119 silly audit   'eslint-plugin-import': [ '2.32.0' ],
119 silly audit   'eslint-scope': [ '5.1.1', '7.2.2' ],
119 silly audit   'eslint-visitor-keys': [ '3.4.3' ],
119 silly audit   estraverse: [ '5.3.0', '4.3.0' ],
119 silly audit   espree: [ '9.6.1' ],
119 silly audit   esprima: [ '4.0.1' ],
119 silly audit   esquery: [ '1.6.0' ],
119 silly audit   esrecurse: [ '4.3.0' ],
119 silly audit   esutils: [ '2.0.3' ],
119 silly audit   etag: [ '1.8.1' ],
119 silly audit   'event-target-shim': [ '5.0.1' ],
119 silly audit   execa: [ '5.1.1' ],
119 silly audit   'signal-exit': [ '3.0.7', '4.1.0' ],
119 silly audit   'exit-x': [ '0.2.2' ],
119 silly audit   expect: [ '30.2.0' ],
119 silly audit   express: [ '4.21.2' ],
119 silly audit   extend: [ '3.0.2' ],
119 silly audit   'farmhash-modern': [ '1.1.0' ],
119 silly audit   'fast-deep-equal': [ '3.1.3' ],
119 silly audit   'fast-glob': [ '3.3.3' ],
119 silly audit   'glob-parent': [ '5.1.2', '6.0.2' ],
119 silly audit   'fast-json-stable-stringify': [ '2.1.0' ],
119 silly audit   'fast-levenshtein': [ '2.0.6' ],
119 silly audit   'fast-xml-parser': [ '4.5.3' ],
119 silly audit   fastq: [ '1.19.1' ],
119 silly audit   'faye-websocket': [ '0.11.4' ],
119 silly audit   'fb-watchman': [ '2.0.2' ],
119 silly audit   'file-entry-cache': [ '6.0.1' ],
119 silly audit   'fill-range': [ '7.1.1' ],
119 silly audit   finalhandler: [ '1.3.1' ],
119 silly audit   'firebase-admin': [ '12.7.0' ],
119 silly audit   'firebase-functions': [ '6.6.0' ],
119 silly audit   'firebase-functions-test': [ '3.4.1' ],
119 silly audit   'flat-cache': [ '3.2.0' ],
119 silly audit   flatted: [ '3.3.3' ],
119 silly audit   'follow-redirects': [ '1.15.11' ],
119 silly audit   'for-each': [ '0.3.5' ],
119 silly audit   'foreground-child': [ '3.3.1' ],
119 silly audit   forwarded: [ '0.2.0' ],
119 silly audit   fresh: [ '0.5.2' ],
119 silly audit   'fs.realpath': [ '1.0.0' ],
119 silly audit   fsevents: [ '2.3.3' ],
119 silly audit   'function-bind': [ '1.1.2' ],
119 silly audit   'function.prototype.name': [ '1.1.8' ],
119 silly audit   'functional-red-black-tree': [ '1.0.1' ],
119 silly audit   'functions-have-names': [ '1.2.3' ],
119 silly audit   gaxios: [ '6.7.1', '7.1.3' ],
119 silly audit   'gcp-metadata': [ '6.1.1', '8.1.2' ],
119 silly audit   'generator-function': [ '2.0.1' ],
119 silly audit   gensync: [ '1.0.0-beta.2' ],
119 silly audit   'get-caller-file': [ '2.0.5' ],
119 silly audit   'get-intrinsic': [ '1.3.0' ],
119 silly audit   'get-package-type': [ '0.1.0' ],
119 silly audit   'get-proto': [ '1.0.1' ],
119 silly audit   'get-stream': [ '6.0.1' ],
119 silly audit   'get-symbol-description': [ '1.1.0' ],
119 silly audit   glob: [ '10.4.5', '7.2.3' ],
119 silly audit   minimatch: [ '9.0.5', '3.1.2' ],
119 silly audit   globals: [ '13.24.0' ],
119 silly audit   globalthis: [ '1.0.4' ],
119 silly audit   globby: [ '11.1.0' ],
119 silly audit   'google-auth-library': [ '9.15.1', '10.5.0' ],
119 silly audit   'google-gax': [ '4.6.1', '5.0.6' ],
119 silly audit   'google-logging-utils': [ '0.0.2', '1.1.3' ],
119 silly audit   gopd: [ '1.2.0' ],
119 silly audit   'graceful-fs': [ '4.2.11' ],
119 silly audit   graphemer: [ '1.4.0' ],
119 silly audit   gtoken: [ '7.1.0', '8.0.0' ],
119 silly audit   'has-bigints': [ '1.1.0' ],
119 silly audit   'has-flag': [ '4.0.0' ],
119 silly audit   'has-property-descriptors': [ '1.0.2' ],
119 silly audit   'has-proto': [ '1.2.0' ],
119 silly audit   'has-symbols': [ '1.1.0' ],
119 silly audit   'has-tostringtag': [ '1.0.2' ],
119 silly audit   hasown: [ '2.0.2' ],
119 silly audit   'html-entities': [ '2.6.0' ],
119 silly audit   'html-escaper': [ '2.0.2' ],
119 silly audit   'http-errors': [ '2.0.0' ],
119 silly audit   'http-parser-js': [ '0.5.10' ],
119 silly audit   'http-proxy-agent': [ '5.0.0' ],
119 silly audit   'https-proxy-agent': [ '7.0.6', '5.0.1' ],
119 silly audit   'human-signals': [ '2.1.0' ],
119 silly audit   'iconv-lite': [ '0.4.24' ],
119 silly audit   ignore: [ '5.3.2' ],
119 silly audit   'import-fresh': [ '3.3.1' ],
119 silly audit   'import-local': [ '3.2.0' ],
119 silly audit   imurmurhash: [ '0.1.4' ],
119 silly audit   inflight: [ '1.0.6' ],
119 silly audit   inherits: [ '2.0.4' ],
119 silly audit   'internal-slot': [ '1.1.0' ],
119 silly audit   'ipaddr.js': [ '1.9.1' ],
119 silly audit   'is-array-buffer': [ '3.0.5' ],
119 silly audit   'is-arrayish': [ '0.2.1' ],
119 silly audit   'is-async-function': [ '2.1.1' ],
119 silly audit   'is-bigint': [ '1.1.0' ],
119 silly audit   'is-boolean-object': [ '1.2.2' ],
119 silly audit   'is-callable': [ '1.2.7' ],
119 silly audit   'is-core-module': [ '2.16.1' ],
119 silly audit   'is-data-view': [ '1.0.2' ],
119 silly audit   'is-date-object': [ '1.1.0' ],
119 silly audit   'is-extglob': [ '2.1.1' ],
119 silly audit   'is-finalizationregistry': [ '1.1.1' ],
119 silly audit   'is-fullwidth-code-point': [ '3.0.0' ],
119 silly audit   'is-generator-fn': [ '2.1.0' ],
119 silly audit   'is-generator-function': [ '1.1.2' ],
119 silly audit   'is-glob': [ '4.0.3' ],
119 silly audit   'is-map': [ '2.0.3' ],
119 silly audit   'is-negative-zero': [ '2.0.3' ],
119 silly audit   'is-number': [ '7.0.0' ],
119 silly audit   'is-number-object': [ '1.1.1' ],
119 silly audit   'is-path-inside': [ '3.0.3' ],
119 silly audit   'is-regex': [ '1.2.1' ],
119 silly audit   'is-set': [ '2.0.3' ],
119 silly audit   'is-shared-array-buffer': [ '1.0.4' ],
119 silly audit   'is-stream': [ '2.0.1' ],
119 silly audit   'is-string': [ '1.1.1' ],
119 silly audit   'is-symbol': [ '1.1.1' ],
119 silly audit   'is-typed-array': [ '1.1.15' ],
119 silly audit   'is-weakmap': [ '2.0.2' ],
119 silly audit   'is-weakref': [ '1.1.1' ],
119 silly audit   'is-weakset': [ '2.0.4' ],
119 silly audit   isarray: [ '2.0.5' ],
119 silly audit   isexe: [ '2.0.0' ],
119 silly audit   'istanbul-lib-coverage': [ '3.2.2' ],
119 silly audit   'istanbul-lib-instrument': [ '6.0.3' ],
119 silly audit   'istanbul-lib-report': [ '3.0.1' ],
119 silly audit   'istanbul-lib-source-maps': [ '5.0.6' ],
119 silly audit   'istanbul-reports': [ '3.2.0' ],
119 silly audit   jackspeak: [ '3.4.3' ],
119 silly audit   jest: [ '30.2.0' ],
119 silly audit   'jest-changed-files': [ '30.2.0' ],
119 silly audit   'jest-circus': [ '30.2.0' ],
119 silly audit   'jest-cli': [ '30.2.0' ],
119 silly audit   'jest-config': [ '30.2.0' ],
119 silly audit   'jest-diff': [ '30.2.0' ],
119 silly audit   'jest-docblock': [ '30.2.0' ],
119 silly audit   'jest-each': [ '30.2.0' ],
119 silly audit   'jest-environment-node': [ '30.2.0' ],
119 silly audit   'jest-haste-map': [ '30.2.0' ],
119 silly audit   'jest-leak-detector': [ '30.2.0' ],
119 silly audit   'jest-matcher-utils': [ '30.2.0' ],
119 silly audit   'jest-message-util': [ '30.2.0' ],
119 silly audit   'jest-mock': [ '30.2.0' ],
119 silly audit   'jest-pnp-resolver': [ '1.2.3' ],
119 silly audit   'jest-regex-util': [ '30.0.1' ],
119 silly audit   'jest-resolve': [ '30.2.0' ],
119 silly audit   'jest-resolve-dependencies': [ '30.2.0' ],
119 silly audit   'jest-runner': [ '30.2.0' ],
119 silly audit   'jest-runtime': [ '30.2.0' ],
119 silly audit   'jest-snapshot': [ '30.2.0' ],
119 silly audit   'jest-util': [ '30.2.0' ],
119 silly audit   picomatch: [ '4.0.3', '2.3.1' ],
119 silly audit   'jest-validate': [ '30.2.0' ],
119 silly audit   'jest-watcher': [ '30.2.0' ],
119 silly audit   'jest-worker': [ '30.2.0' ],
119 silly audit   'supports-color': [ '8.1.1', '7.2.0' ],
119 silly audit   jose: [ '4.15.9' ],
119 silly audit   'js-tokens': [ '4.0.0' ],
119 silly audit   jsesc: [ '3.1.0' ],
119 silly audit   'json-bigint': [ '1.0.0' ],
119 silly audit   'json-buffer': [ '3.0.1' ],
119 silly audit   'json-parse-even-better-errors': [ '2.3.1' ],
119 silly audit   'json-schema-traverse': [ '0.4.1' ],
119 silly audit   'json-stable-stringify-without-jsonify': [ '1.0.1' ],
119 silly audit   json5: [ '2.2.3', '1.0.2' ],
119 silly audit   jsonwebtoken: [ '9.0.2' ],
119 silly audit   jwa: [ '1.4.2', '2.0.1' ],
119 silly audit   jws: [ '3.2.2', '4.0.0' ],
119 silly audit   'jwks-rsa': [ '3.2.0' ],
119 silly audit   keyv: [ '4.5.4' ],
119 silly audit   leven: [ '3.1.0' ],
119 silly audit   levn: [ '0.4.1' ],
119 silly audit   limiter: [ '1.1.5' ],
119 silly audit   'lines-and-columns': [ '1.2.4' ],
119 silly audit   lodash: [ '4.17.21' ],
119 silly audit   'lodash.camelcase': [ '4.3.0' ],
119 silly audit   'lodash.clonedeep': [ '4.5.0' ],
119 silly audit   'lodash.includes': [ '4.3.0' ],
119 silly audit   'lodash.isboolean': [ '3.0.3' ],
119 silly audit   'lodash.isinteger': [ '4.0.4' ],
119 silly audit   'lodash.isnumber': [ '3.0.3' ],
119 silly audit   'lodash.isplainobject': [ '4.0.6' ],
119 silly audit   'lodash.isstring': [ '4.0.1' ],
119 silly audit   'lodash.merge': [ '4.6.2' ],
119 silly audit   'lodash.once': [ '4.1.1' ],
119 silly audit   long: [ '5.3.2' ],
119 silly audit   'lru-cache': [ '5.1.1', '6.0.0', '10.4.3' ],
119 silly audit   'lru-memoizer': [ '2.3.0' ],
119 silly audit   yallist: [ '4.0.0', '3.1.1' ],
119 silly audit   'make-dir': [ '4.0.0' ],
119 silly audit   makeerror: [ '1.0.12' ],
119 silly audit   'math-intrinsics': [ '1.1.0' ],
119 silly audit   'media-typer': [ '0.3.0' ],
119 silly audit   'merge-descriptors': [ '1.0.3' ],
119 silly audit   'merge-stream': [ '2.0.0' ],
119 silly audit   merge2: [ '1.4.1' ],
119 silly audit   methods: [ '1.1.2' ],
119 silly audit   micromatch: [ '4.0.8' ],
119 silly audit   mime: [ '3.0.0', '1.6.0' ],
119 silly audit   'mime-db': [ '1.52.0' ],
119 silly audit   'mime-types': [ '2.1.35' ],
119 silly audit   'mimic-fn': [ '2.1.0' ],
119 silly audit   minimist: [ '1.2.8' ],
119 silly audit   minipass: [ '7.1.2' ],
119 silly audit   'napi-postinstall': [ '0.3.4' ],
119 silly audit   'natural-compare': [ '1.4.0' ],
119 silly audit   'natural-compare-lite': [ '1.4.0' ],
119 silly audit   negotiator: [ '0.6.3' ],
119 silly audit   'node-fetch': [ '2.7.0', '3.3.2' ],
119 silly audit   'node-forge': [ '1.3.1' ],
119 silly audit   'node-int64': [ '0.4.0' ],
119 silly audit   'node-releases': [ '2.0.27' ],
119 silly audit   'normalize-path': [ '3.0.0' ],
119 silly audit   'npm-run-path': [ '4.0.1' ],
119 silly audit   'object-assign': [ '4.1.1' ],
119 silly audit   'object-hash': [ '3.0.0' ],
119 silly audit   'object-inspect': [ '1.13.4' ],
119 silly audit   'object-keys': [ '1.1.1' ],
119 silly audit   'object.assign': [ '4.1.7' ],
119 silly audit   'object.fromentries': [ '2.0.8' ],
119 silly audit   'object.groupby': [ '1.0.3' ],
119 silly audit   'object.values': [ '1.2.1' ],
119 silly audit   'on-finished': [ '2.4.1' ],
119 silly audit   once: [ '1.4.0' ],
119 silly audit   onetime: [ '5.1.2' ],
119 silly audit   optionator: [ '0.9.4' ],
119 silly audit   'own-keys': [ '1.0.1' ],
119 silly audit   'p-try': [ '2.2.0' ],
119 silly audit   'package-json-from-dist': [ '1.0.1' ],
119 silly audit   'parent-module': [ '1.0.1' ],
119 silly audit   'parse-json': [ '5.2.0' ],
119 silly audit   parseurl: [ '1.3.3' ],
119 silly audit   'path-exists': [ '4.0.0' ],
119 silly audit   'path-is-absolute': [ '1.0.1' ],
119 silly audit   'path-key': [ '3.1.1' ],
119 silly audit   'path-parse': [ '1.0.7' ],
119 silly audit   'path-scurry': [ '1.11.1' ],
119 silly audit   'path-to-regexp': [ '0.1.12' ],
119 silly audit   'path-type': [ '4.0.0' ],
119 silly audit   picocolors: [ '1.1.1' ],
119 silly audit   pirates: [ '4.0.7' ],
119 silly audit   'pkg-dir': [ '4.2.0' ],
119 silly audit   'possible-typed-array-names': [ '1.1.0' ],
119 silly audit   'prelude-ls': [ '1.2.1' ],
119 silly audit   'pretty-format': [ '30.2.0' ],
119 silly audit   'proto3-json-serializer': [ '2.0.2', '3.0.4' ],
119 silly audit   protobufjs: [ '7.5.4' ],
119 silly audit   'proxy-addr': [ '2.0.7' ],
119 silly audit   'proxy-from-env': [ '1.1.0' ],
119 silly audit   punycode: [ '2.3.1' ],
119 silly audit   'pure-rand': [ '7.0.1' ],
119 silly audit   qs: [ '6.13.0' ],
119 silly audit   'queue-microtask': [ '1.2.3' ],
119 silly audit   'range-parser': [ '1.2.1' ],
119 silly audit   'raw-body': [ '2.5.2' ],
119 silly audit   'react-is': [ '18.3.1' ],
119 silly audit   'readable-stream': [ '3.6.2' ],
119 silly audit   'reflect.getprototypeof': [ '1.0.10' ],
119 silly audit   'regexp.prototype.flags': [ '1.5.4' ],
119 silly audit   'require-directory': [ '2.1.1' ],
119 silly audit   resolve: [ '1.22.11' ],
119 silly audit   'resolve-cwd': [ '3.0.0' ],
119 silly audit   retry: [ '0.13.1' ],
119 silly audit   'retry-request': [ '7.0.2', '8.0.2' ],
119 silly audit   reusify: [ '1.1.0' ],
119 silly audit   rimraf: [ '3.0.2', '5.0.10' ],
119 silly audit   'run-parallel': [ '1.2.0' ],
119 silly audit   'safe-array-concat': [ '1.1.3' ],
119 silly audit   'safe-buffer': [ '5.2.1' ],
119 silly audit   'safe-push-apply': [ '1.0.0' ],
119 silly audit   'safe-regex-test': [ '1.1.0' ],
119 silly audit   'safer-buffer': [ '2.1.2' ],
119 silly audit   send: [ '0.19.0' ],
119 silly audit   'serve-static': [ '1.16.2' ],
119 silly audit   'set-function-length': [ '1.2.2' ],
119 silly audit   'set-function-name': [ '2.0.2' ],
119 silly audit   'set-proto': [ '1.0.0' ],
119 silly audit   setprototypeof: [ '1.2.0' ],
119 silly audit   'shebang-command': [ '2.0.0' ],
119 silly audit   'shebang-regex': [ '3.0.0' ],
119 silly audit   'side-channel': [ '1.1.0' ],
119 silly audit   'side-channel-list': [ '1.0.0' ],
119 silly audit   'side-channel-map': [ '1.0.1' ],
119 silly audit   'side-channel-weakmap': [ '1.0.2' ],
119 silly audit   slash: [ '3.0.0' ],
119 silly audit   'source-map': [ '0.6.1' ],
119 silly audit   'source-map-support': [ '0.5.13' ],
119 silly audit   'sprintf-js': [ '1.0.3' ],
119 silly audit   'stack-utils': [ '2.0.6' ],
119 silly audit   statuses: [ '2.0.1' ],
119 silly audit   'stop-iteration-iterator': [ '1.1.0' ],
119 silly audit   'stream-events': [ '1.0.5' ],
119 silly audit   'stream-shift': [ '1.0.3' ],
119 silly audit   string_decoder: [ '1.3.0' ],
119 silly audit   'string-length': [ '4.0.2' ],
119 silly audit   'string.prototype.trim': [ '1.2.10' ],
119 silly audit   'string.prototype.trimend': [ '1.0.9' ],
119 silly audit   'string.prototype.trimstart': [ '1.0.8' ],
119 silly audit   'strip-bom': [ '4.0.0', '3.0.0' ],
119 silly audit   'strip-final-newline': [ '2.0.0' ],
119 silly audit   'strip-json-comments': [ '3.1.1' ],
119 silly audit   strnum: [ '1.1.2' ],
119 silly audit   stubs: [ '3.0.0' ],
119 silly audit   'supports-preserve-symlinks-flag': [ '1.0.0' ],
119 silly audit   synckit: [ '0.11.11' ],
119 silly audit   'teeny-request': [ '9.0.0', '10.1.0' ],
119 silly audit   'test-exclude': [ '6.0.0' ],
119 silly audit   'text-table': [ '0.2.0' ],
119 silly audit   tmpl: [ '1.0.5' ],
119 silly audit   'to-regex-range': [ '5.0.1' ],
119 silly audit   toidentifier: [ '1.0.1' ],
119 silly audit   tr46: [ '0.0.3' ],
119 silly audit   'ts-deepmerge': [ '2.0.7' ],
119 silly audit   'tsconfig-paths': [ '3.15.0' ],
119 silly audit   tslib: [ '2.8.1', '1.14.1' ],
119 silly audit   tsutils: [ '3.21.0' ],
119 silly audit   'type-check': [ '0.4.0' ],
119 silly audit   'type-detect': [ '4.0.8' ],
119 silly audit   'type-is': [ '1.6.18' ],
119 silly audit   'typed-array-buffer': [ '1.0.3' ],
119 silly audit   'typed-array-byte-length': [ '1.0.3' ],
119 silly audit   'typed-array-byte-offset': [ '1.0.4' ],
119 silly audit   'typed-array-length': [ '1.0.7' ],
119 silly audit   typescript: [ '5.9.3' ],
119 silly audit   'unbox-primitive': [ '1.1.0' ],
119 silly audit   'undici-types': [ '6.21.0' ],
119 silly audit   unpipe: [ '1.0.0' ],
119 silly audit   'unrs-resolver': [ '1.11.1' ],
119 silly audit   'update-browserslist-db': [ '1.1.4' ],
119 silly audit   'uri-js': [ '4.4.1' ],
119 silly audit   'util-deprecate': [ '1.0.2' ],
119 silly audit   'utils-merge': [ '1.0.1' ],
119 silly audit   'v8-to-istanbul': [ '9.3.0' ],
119 silly audit   vary: [ '1.1.2' ],
119 silly audit   walker: [ '1.0.8' ],
119 silly audit   'webidl-conversions': [ '3.0.1' ],
119 silly audit   'websocket-driver': [ '0.7.4' ],
119 silly audit   'websocket-extensions': [ '0.1.4' ],
119 silly audit   'whatwg-url': [ '5.0.0' ],
119 silly audit   which: [ '2.0.2' ],
119 silly audit   'which-boxed-primitive': [ '1.1.1' ],
119 silly audit   'which-builtin-type': [ '1.2.1' ],
119 silly audit   'which-collection': [ '1.0.2' ],
119 silly audit   'which-typed-array': [ '1.1.19' ],
119 silly audit   'word-wrap': [ '1.2.5' ],
119 silly audit   wrappy: [ '1.0.2' ],
119 silly audit   'write-file-atomic': [ '5.0.1' ],
119 silly audit   y18n: [ '5.0.8' ],
119 silly audit   yargs: [ '17.7.2' ],
119 silly audit   'yargs-parser': [ '21.1.1' ],
119 silly audit   'yocto-queue': [ '0.1.0' ],
119 silly audit   '@google-analytics/data': [ '5.2.1' ],
119 silly audit   'data-uri-to-buffer': [ '4.0.1' ],
119 silly audit   'fetch-blob': [ '3.2.0' ],
119 silly audit   'formdata-polyfill': [ '4.0.10' ],
119 silly audit   'node-domexception': [ '1.0.0' ],
119 silly audit   'web-streams-polyfill': [ '3.3.3' ]
119 silly audit }
120 http cache web-streams-polyfill@https://registry.npmjs.org/web-streams-polyfill/-/web-streams-polyfill-3.3.3.tgz 0ms (cache hit)
121 http cache node-domexception@https://registry.npmjs.org/node-domexception/-/node-domexception-1.0.0.tgz 0ms (cache hit)
122 http cache formdata-polyfill@https://registry.npmjs.org/formdata-polyfill/-/formdata-polyfill-4.0.10.tgz 0ms (cache hit)
123 http cache fetch-blob@https://registry.npmjs.org/fetch-blob/-/fetch-blob-3.2.0.tgz 0ms (cache hit)
124 http cache data-uri-to-buffer@https://registry.npmjs.org/data-uri-to-buffer/-/data-uri-to-buffer-4.0.1.tgz 0ms (cache hit)
125 http cache @google-analytics/data@https://registry.npmjs.org/@google-analytics/data/-/data-5.2.1.tgz 0ms (cache hit)
126 http cache teeny-request@https://registry.npmjs.org/teeny-request/-/teeny-request-10.1.0.tgz 0ms (cache hit)
127 http cache gcp-metadata@https://registry.npmjs.org/gcp-metadata/-/gcp-metadata-8.1.2.tgz 0ms (cache hit)
128 http cache agent-base@https://registry.npmjs.org/agent-base/-/agent-base-6.0.2.tgz 0ms (cache hit)
129 http cache gaxios@https://registry.npmjs.org/gaxios/-/gaxios-7.1.3.tgz 0ms (cache hit)
130 http cache rimraf@https://registry.npmjs.org/rimraf/-/rimraf-5.0.10.tgz 0ms (cache hit)
131 http cache retry-request@https://registry.npmjs.org/retry-request/-/retry-request-8.0.2.tgz 0ms (cache hit)
132 http cache proto3-json-serializer@https://registry.npmjs.org/proto3-json-serializer/-/proto3-json-serializer-3.0.4.tgz 0ms (cache hit)
133 http cache google-logging-utils@https://registry.npmjs.org/google-logging-utils/-/google-logging-utils-1.1.3.tgz 0ms (cache hit)
134 http cache google-auth-library@https://registry.npmjs.org/google-auth-library/-/google-auth-library-10.5.0.tgz 0ms (cache hit)
135 http cache @grpc/proto-loader@https://registry.npmjs.org/@grpc/proto-loader/-/proto-loader-0.8.0.tgz 0ms (cache hit)
136 http cache https-proxy-agent@https://registry.npmjs.org/https-proxy-agent/-/https-proxy-agent-5.0.1.tgz 0ms (cache hit)
137 http cache gtoken@https://registry.npmjs.org/gtoken/-/gtoken-8.0.0.tgz 0ms (cache hit)
138 http cache google-gax@https://registry.npmjs.org/google-gax/-/google-gax-5.0.6.tgz 0ms (cache hit)
139 http cache node-fetch@https://registry.npmjs.org/node-fetch/-/node-fetch-3.3.2.tgz 0ms (cache hit)
140 silly tarball no local data for web-streams-polyfill@https://registry.npmjs.org/web-streams-polyfill/-/web-streams-polyfill-3.3.3.tgz. Extracting by manifest.
141 silly tarball no local data for node-domexception@https://registry.npmjs.org/node-domexception/-/node-domexception-1.0.0.tgz. Extracting by manifest.
142 silly tarball no local data for formdata-polyfill@https://registry.npmjs.org/formdata-polyfill/-/formdata-polyfill-4.0.10.tgz. Extracting by manifest.
143 silly tarball no local data for fetch-blob@https://registry.npmjs.org/fetch-blob/-/fetch-blob-3.2.0.tgz. Extracting by manifest.
144 silly tarball no local data for data-uri-to-buffer@https://registry.npmjs.org/data-uri-to-buffer/-/data-uri-to-buffer-4.0.1.tgz. Extracting by manifest.
145 silly tarball no local data for @google-analytics/data@https://registry.npmjs.org/@google-analytics/data/-/data-5.2.1.tgz. Extracting by manifest.
146 silly tarball no local data for teeny-request@https://registry.npmjs.org/teeny-request/-/teeny-request-10.1.0.tgz. Extracting by manifest.
147 silly tarball no local data for gcp-metadata@https://registry.npmjs.org/gcp-metadata/-/gcp-metadata-8.1.2.tgz. Extracting by manifest.
148 silly tarball no local data for agent-base@https://registry.npmjs.org/agent-base/-/agent-base-6.0.2.tgz. Extracting by manifest.
149 silly tarball no local data for gaxios@https://registry.npmjs.org/gaxios/-/gaxios-7.1.3.tgz. Extracting by manifest.
150 silly tarball no local data for rimraf@https://registry.npmjs.org/rimraf/-/rimraf-5.0.10.tgz. Extracting by manifest.
151 silly tarball no local data for retry-request@https://registry.npmjs.org/retry-request/-/retry-request-8.0.2.tgz. Extracting by manifest.
152 silly tarball no local data for proto3-json-serializer@https://registry.npmjs.org/proto3-json-serializer/-/proto3-json-serializer-3.0.4.tgz. Extracting by manifest.
153 silly tarball no local data for google-logging-utils@https://registry.npmjs.org/google-logging-utils/-/google-logging-utils-1.1.3.tgz. Extracting by manifest.
154 silly tarball no local data for google-auth-library@https://registry.npmjs.org/google-auth-library/-/google-auth-library-10.5.0.tgz. Extracting by manifest.
155 silly tarball no local data for @grpc/proto-loader@https://registry.npmjs.org/@grpc/proto-loader/-/proto-loader-0.8.0.tgz. Extracting by manifest.
156 silly tarball no local data for https-proxy-agent@https://registry.npmjs.org/https-proxy-agent/-/https-proxy-agent-5.0.1.tgz. Extracting by manifest.
157 silly tarball no local data for gtoken@https://registry.npmjs.org/gtoken/-/gtoken-8.0.0.tgz. Extracting by manifest.
158 silly tarball no local data for google-gax@https://registry.npmjs.org/google-gax/-/google-gax-5.0.6.tgz. Extracting by manifest.
159 silly tarball no local data for node-fetch@https://registry.npmjs.org/node-fetch/-/node-fetch-3.3.2.tgz. Extracting by manifest.
160 http fetch GET 200 https://registry.npmjs.org/data-uri-to-buffer/-/data-uri-to-buffer-4.0.1.tgz 35ms (cache miss)
161 http fetch GET 200 https://registry.npmjs.org/formdata-polyfill/-/formdata-polyfill-4.0.10.tgz 36ms (cache miss)
162 http fetch GET 200 https://registry.npmjs.org/fetch-blob/-/fetch-blob-3.2.0.tgz 36ms (cache miss)
163 http fetch GET 200 https://registry.npmjs.org/node-domexception/-/node-domexception-1.0.0.tgz 56ms (cache miss)
164 warn deprecated node-domexception@1.0.0: Use your platform's native DOMException instead
165 http fetch POST 200 https://registry.npmjs.org/-/npm/v1/security/advisories/bulk 83ms
166 silly audit report {
166 silly audit report   'js-yaml': [
166 silly audit report     {
166 silly audit report       id: 1109801,
166 silly audit report       url: 'https://github.com/advisories/GHSA-mh29-5h37-fv8m',
166 silly audit report       title: 'js-yaml has prototype pollution in merge (<<)',
166 silly audit report       severity: 'moderate',
166 silly audit report       vulnerable_versions: '<3.14.2',
166 silly audit report       cwe: [Array],
166 silly audit report       cvss: [Object]
166 silly audit report     }
166 silly audit report   ],
166 silly audit report   glob: [
166 silly audit report     {
166 silly audit report       id: 1109842,
166 silly audit report       url: 'https://github.com/advisories/GHSA-5j98-mcp5-4vw2',
166 silly audit report       title: 'glob CLI: Command injection via -c/--cmd executes matches with shell:true',
166 silly audit report       severity: 'high',
166 silly audit report       vulnerable_versions: '>=10.2.0 <10.5.0',
166 silly audit report       cwe: [Array],
166 silly audit report       cvss: [Object]
166 silly audit report     }
166 silly audit report   ],
166 silly audit report   jws: [
166 silly audit report     {
166 silly audit report       id: 1111243,
166 silly audit report       url: 'https://github.com/advisories/GHSA-869p-cjfg-cm3x',
166 silly audit report       title: 'auth0/node-jws Improperly Verifies HMAC Signature',
166 silly audit report       severity: 'high',
166 silly audit report       vulnerable_versions: '=4.0.0',
166 silly audit report       cwe: [Array],
166 silly audit report       cvss: [Object]
166 silly audit report     },
166 silly audit report     {
166 silly audit report       id: 1111244,
166 silly audit report       url: 'https://github.com/advisories/GHSA-869p-cjfg-cm3x',
166 silly audit report       title: 'auth0/node-jws Improperly Verifies HMAC Signature',
166 silly audit report       severity: 'high',
166 silly audit report       vulnerable_versions: '<3.2.3',
166 silly audit report       cwe: [Array],
166 silly audit report       cvss: [Object]
166 silly audit report     }
166 silly audit report   ],
166 silly audit report   'node-forge': [
166 silly audit report     {
166 silly audit report       id: 1110996,
166 silly audit report       url: 'https://github.com/advisories/GHSA-554w-wpv2-vw27',
166 silly audit report       title: 'node-forge has ASN.1 Unbounded Recursion',
166 silly audit report       severity: 'high',
166 silly audit report       vulnerable_versions: '<1.3.2',
166 silly audit report       cwe: [Array],
166 silly audit report       cvss: [Object]
166 silly audit report     },
166 silly audit report     {
166 silly audit report       id: 1110998,
166 silly audit report       url: 'https://github.com/advisories/GHSA-5gfm-wpxj-wjgq',
166 silly audit report       title: 'node-forge has an Interpretation Conflict vulnerability via its ASN.1 Validator Desynchronization',
166 silly audit report       severity: 'high',
166 silly audit report       vulnerable_versions: '<1.3.2',
166 silly audit report       cwe: [Array],
166 silly audit report       cvss: [Object]
166 silly audit report     },
166 silly audit report     {
166 silly audit report       id: 1111068,
166 silly audit report       url: 'https://github.com/advisories/GHSA-65ch-62r8-g69g',
166 silly audit report       title: 'node-forge is vulnerable to ASN.1 OID Integer Truncation',
166 silly audit report       severity: 'moderate',
166 silly audit report       vulnerable_versions: '<1.3.2',
166 silly audit report       cwe: [Array],
166 silly audit report       cvss: [Object]
166 silly audit report     }
166 silly audit report   ]
166 silly audit report }
167 silly packumentCache corgi:https://registry.npmjs.org/js-yaml cache-miss
168 silly packumentCache corgi:https://registry.npmjs.org/glob cache-miss
169 silly packumentCache corgi:https://registry.npmjs.org/jws cache-miss
170 silly packumentCache corgi:https://registry.npmjs.org/node-forge cache-miss
171 http fetch GET 200 https://registry.npmjs.org/https-proxy-agent/-/https-proxy-agent-5.0.1.tgz 82ms (cache miss)
172 http fetch GET 200 https://registry.npmjs.org/gtoken/-/gtoken-8.0.0.tgz 101ms (cache miss)
173 http fetch GET 200 https://registry.npmjs.org/web-streams-polyfill/-/web-streams-polyfill-3.3.3.tgz 116ms (cache miss)
174 http fetch GET 200 https://registry.npmjs.org/js-yaml 36ms (cache miss)
175 silly packumentCache corgi:https://registry.npmjs.org/js-yaml set size:undefined disposed:false
176 http fetch GET 200 https://registry.npmjs.org/glob 39ms (cache miss)
177 silly packumentCache corgi:https://registry.npmjs.org/glob set size:undefined disposed:false
178 http fetch GET 200 https://registry.npmjs.org/@grpc/proto-loader/-/proto-loader-0.8.0.tgz 122ms (cache miss)
179 http fetch GET 200 https://registry.npmjs.org/jws 45ms (cache miss)
180 silly packumentCache corgi:https://registry.npmjs.org/jws set size:undefined disposed:false
181 http fetch GET 200 https://registry.npmjs.org/teeny-request/-/teeny-request-10.1.0.tgz 128ms (cache miss)
182 http fetch GET 200 https://registry.npmjs.org/node-fetch/-/node-fetch-3.3.2.tgz 127ms (cache miss)
183 http fetch GET 200 https://registry.npmjs.org/node-forge 57ms (cache miss)
184 silly packumentCache corgi:https://registry.npmjs.org/node-forge set size:undefined disposed:false
185 silly packumentCache corgi:https://registry.npmjs.org/@istanbuljs%2fload-nyc-config cache-miss
186 http fetch GET 200 https://registry.npmjs.org/google-auth-library/-/google-auth-library-10.5.0.tgz 158ms (cache miss)
187 http fetch GET 200 https://registry.npmjs.org/@google-analytics/data/-/data-5.2.1.tgz 166ms (cache miss)
188 http fetch GET 200 https://registry.npmjs.org/gcp-metadata/-/gcp-metadata-8.1.2.tgz 171ms (cache miss)
189 http fetch GET 200 https://registry.npmjs.org/gaxios/-/gaxios-7.1.3.tgz 179ms (cache miss)
190 http fetch GET 200 https://registry.npmjs.org/proto3-json-serializer/-/proto3-json-serializer-3.0.4.tgz 184ms (cache miss)
191 http fetch GET 200 https://registry.npmjs.org/retry-request/-/retry-request-8.0.2.tgz 189ms (cache miss)
192 http fetch GET 200 https://registry.npmjs.org/google-logging-utils/-/google-logging-utils-1.1.3.tgz 190ms (cache miss)
193 http fetch GET 200 https://registry.npmjs.org/agent-base/-/agent-base-6.0.2.tgz 196ms (cache miss)
194 http fetch GET 200 https://registry.npmjs.org/rimraf/-/rimraf-5.0.10.tgz 205ms (cache miss)
195 http fetch GET 200 https://registry.npmjs.org/google-gax/-/google-gax-5.0.6.tgz 224ms (cache miss)
196 http fetch GET 200 https://registry.npmjs.org/@istanbuljs%2fload-nyc-config 221ms (cache miss)
197 silly packumentCache corgi:https://registry.npmjs.org/@istanbuljs%2fload-nyc-config set size:undefined disposed:false
198 silly packumentCache corgi:https://registry.npmjs.org/@jest%2freporters cache-miss
199 silly packumentCache corgi:https://registry.npmjs.org/jest-config cache-miss
200 silly packumentCache corgi:https://registry.npmjs.org/jest-runtime cache-miss
201 silly packumentCache corgi:https://registry.npmjs.org/rimraf cache-miss
202 http fetch GET 200 https://registry.npmjs.org/jest-runtime 33ms (cache miss)
203 silly packumentCache corgi:https://registry.npmjs.org/jest-runtime set size:undefined disposed:false
204 http fetch GET 200 https://registry.npmjs.org/rimraf 46ms (cache miss)
205 silly packumentCache corgi:https://registry.npmjs.org/rimraf set size:undefined disposed:false
206 http fetch GET 200 https://registry.npmjs.org/jest-config 52ms (cache miss)
207 silly packumentCache corgi:https://registry.npmjs.org/jest-config set size:undefined disposed:false
208 http fetch GET 200 https://registry.npmjs.org/@jest%2freporters 56ms (cache miss)
209 silly packumentCache corgi:https://registry.npmjs.org/@jest%2freporters set size:undefined disposed:false
210 silly packumentCache corgi:https://registry.npmjs.org/google-auth-library cache-miss
211 silly packumentCache corgi:https://registry.npmjs.org/gtoken cache-miss
212 http fetch GET 200 https://registry.npmjs.org/google-auth-library 26ms (cache miss)
213 silly packumentCache corgi:https://registry.npmjs.org/google-auth-library set size:undefined disposed:false
214 http fetch GET 200 https://registry.npmjs.org/gtoken 70ms (cache miss)
215 silly packumentCache corgi:https://registry.npmjs.org/gtoken set size:undefined disposed:false
216 silly packumentCache corgi:https://registry.npmjs.org/jsonwebtoken cache-miss
217 http fetch GET 200 https://registry.npmjs.org/jsonwebtoken 27ms (cache miss)
218 silly packumentCache corgi:https://registry.npmjs.org/jsonwebtoken set size:undefined disposed:false
219 silly packumentCache corgi:https://registry.npmjs.org/firebase-admin cache-miss
220 http fetch GET 200 https://registry.npmjs.org/firebase-admin 59ms (cache miss)
221 silly packumentCache corgi:https://registry.npmjs.org/firebase-admin set size:undefined disposed:false
222 silly ADD node_modules/web-streams-polyfill
223 silly ADD node_modules/node-domexception
224 silly ADD node_modules/formdata-polyfill
225 silly ADD node_modules/fetch-blob
226 silly ADD node_modules/data-uri-to-buffer
227 silly ADD node_modules/@google-analytics/data
228 silly ADD node_modules/@google-analytics/data/node_modules/agent-base
229 silly ADD node_modules/@google-analytics/data/node_modules/teeny-request
230 silly ADD node_modules/@google-analytics/data/node_modules/teeny-request/node_modules/https-proxy-agent
231 silly ADD node_modules/@google-analytics/data/node_modules/gtoken
232 silly ADD node_modules/@google-analytics/data/node_modules/gcp-metadata
233 silly ADD node_modules/@google-analytics/data/node_modules/gaxios
234 silly ADD node_modules/@google-analytics/data/node_modules/rimraf
235 silly ADD node_modules/@google-analytics/data/node_modules/retry-request
236 silly ADD node_modules/@google-analytics/data/node_modules/proto3-json-serializer
237 silly ADD node_modules/@google-analytics/data/node_modules/node-fetch
238 silly ADD node_modules/@google-analytics/data/node_modules/google-logging-utils
239 silly ADD node_modules/@google-analytics/data/node_modules/google-auth-library
240 silly ADD node_modules/@google-analytics/data/node_modules/@grpc/proto-loader
241 silly ADD node_modules/@google-analytics/data/node_modules/google-gax
242 verbose cwd /Users/edmondmbadu/repo/rocket-goals/functions
243 verbose os Darwin 24.5.0
244 verbose node v22.20.0
245 verbose npm  v11.6.1
246 verbose exit 0
247 info ok
