0 verbose cli /Users/edmondmbadu/.nvm/versions/node/v22.20.0/bin/node /Users/edmondmbadu/.nvm/versions/node/v22.20.0/bin/npm
1 info using npm@11.6.1
2 info using node@v22.20.0
3 silly config load:file:/Users/edmondmbadu/.nvm/versions/node/v22.20.0/lib/node_modules/npm/npmrc
4 silly config load:file:/Users/edmondmbadu/repo/rocket-goals/functions/.npmrc
5 silly config load:file:/Users/edmondmbadu/.npmrc
6 silly config load:file:/Users/edmondmbadu/.nvm/versions/node/v22.20.0/etc/npmrc
7 verbose title npm install
8 verbose argv "install" "--cache" "/Users/edmondmbadu/repo/rocket-goals/.npm-cache"
9 verbose logfile logs-max:10 dir:/Users/edmondmbadu/repo/rocket-goals/.npm-cache/_logs/2025-12-10T04_15_31_347Z-
10 verbose logfile /Users/edmondmbadu/repo/rocket-goals/.npm-cache/_logs/2025-12-10T04_15_31_347Z-debug-0.log
11 silly logfile done cleaning log files
12 silly packumentCache heap:4345298944 maxSize:1086324736 maxEntrySize:543162368
13 silly idealTree buildDeps
14 silly fetch manifest @google-analytics/data@^7.2.0
15 silly packumentCache full:https://registry.npmjs.org/@google-analytics%2fdata cache-miss
16 http fetch GET 200 https://registry.npmjs.org/@google-analytics%2fdata 134ms (cache miss)
17 silly packumentCache full:https://registry.npmjs.org/@google-analytics%2fdata set size:undefined disposed:false
18 silly placeDep ROOT @google-analytics/data@ OK for:  want: ^7.2.0
19 verbose type range
20 verbose stack @google-analytics/data: No matching version found for @google-analytics/data@^7.2.0.
20 verbose stack     at module.exports (/Users/edmondmbadu/.nvm/versions/node/v22.20.0/lib/node_modules/npm/node_modules/npm-pick-manifest/lib/index.js:210:23)
20 verbose stack     at RegistryFetcher.manifest (/Users/edmondmbadu/.nvm/versions/node/v22.20.0/lib/node_modules/npm/node_modules/pacote/lib/registry.js:130:54)
20 verbose stack     at async #fetchManifest (/Users/edmondmbadu/.nvm/versions/node/v22.20.0/lib/node_modules/npm/node_modules/@npmcli/arborist/lib/arborist/build-ideal-tree.js:1214:20)
20 verbose stack     at async #nodeFromEdge (/Users/edmondmbadu/.nvm/versions/node/v22.20.0/lib/node_modules/npm/node_modules/@npmcli/arborist/lib/arborist/build-ideal-tree.js:1052:19)
20 verbose stack     at async #buildDepStep (/Users/edmondmbadu/.nvm/versions/node/v22.20.0/lib/node_modules/npm/node_modules/@npmcli/arborist/lib/arborist/build-ideal-tree.js:916:11)
20 verbose stack     at async Arborist.buildIdealTree (/Users/edmondmbadu/.nvm/versions/node/v22.20.0/lib/node_modules/npm/node_modules/@npmcli/arborist/lib/arborist/build-ideal-tree.js:182:7)
20 verbose stack     at async Promise.all (index 1)
20 verbose stack     at async Arborist.reify (/Users/edmondmbadu/.nvm/versions/node/v22.20.0/lib/node_modules/npm/node_modules/@npmcli/arborist/lib/arborist/reify.js:117:5)
20 verbose stack     at async Install.exec (/Users/edmondmbadu/.nvm/versions/node/v22.20.0/lib/node_modules/npm/lib/commands/install.js:150:5)
20 verbose stack     at async Npm.exec (/Users/edmondmbadu/.nvm/versions/node/v22.20.0/lib/node_modules/npm/lib/npm.js:208:9)
21 error code ETARGET
22 error notarget No matching version found for @google-analytics/data@^7.2.0.
23 error notarget In most cases you or one of your dependencies are requesting
23 error notarget a package version that doesn't exist.
24 silly unfinished npm timer reify 1765340131425
25 silly unfinished npm timer reify:loadTrees 1765340131426
26 verbose cwd /Users/edmondmbadu/repo/rocket-goals/functions
27 verbose os Darwin 24.5.0
28 verbose node v22.20.0
29 verbose npm  v11.6.1
30 verbose exit 1
31 verbose code 1
32 error A complete log of this run can be found in: /Users/edmondmbadu/repo/rocket-goals/.npm-cache/_logs/2025-12-10T04_15_31_347Z-debug-0.log
